2025-05-14 16:58:00.864 [main] INFO  org.eclipse.jetty.util.log - Logging initialized @1411ms to org.eclipse.jetty.util.log.Slf4jLog
2025-05-14 16:58:00.926 [main] INFO  i.d.server.DefaultServerFactory - Registering jersey handler with root path prefix: /
2025-05-14 16:58:00.927 [main] INFO  i.d.server.DefaultServerFactory - Registering admin handler with root path prefix: /
2025-05-14 16:58:01.068 [main] INFO  io.dropwizard.assets.AssetsBundle - Registering AssetBundle with name: assets for path /maps/*
2025-05-14 16:58:01.069 [main] INFO  io.dropwizard.assets.AssetsBundle - Registering AssetBundle with name: webjars for path /webjars/*
2025-05-14 16:58:01.074 [main] INFO  io.dropwizard.server.ServerFactory - Starting GraphHopperApplication
                        _     _
   __ _ _ __ __ _ _ __ | |__ | |__   ___  _ __  _ __   ___ _ __
  / _` | '__/ _` | '_ \| '_ \| '_ \ / _ \| '_ \| '_ \ / _ \ '__|
 | (_| | | | (_| | |_) | | | | | | | (_) | |_) | |_) |  __/ |
  \__, |_|  \__,_| .__/|_| |_|_| |_|\___/| .__/| .__/ \___|_|
  |___/          |_|                     |_|   |_|
2025-05-14 16:58:01.143 [main] INFO  o.e.jetty.setuid.SetUIDListener - Opened application@79d9214d{HTTP/1.1, (http/1.1)}{localhost:8989}
2025-05-14 16:58:01.143 [main] INFO  o.e.jetty.setuid.SetUIDListener - Opened admin@3d5790ea{HTTP/1.1, (http/1.1)}{localhost:8990}
2025-05-14 16:58:01.145 [main] INFO  org.eclipse.jetty.server.Server - jetty-9.4.53.v20231009; built: 2023-10-09T12:29:09.265Z; git: 27bde00a0b95a1d5bbee0eae7984f891d2d0f8c9; jvm 23.0.2
2025-05-14 16:58:01.158 [main] INFO  com.graphhopper.GraphHopper - version 9.1|2024-05-05T15:51:26Z (9,22,6,5,2,9)
2025-05-14 16:58:01.316 [main] ERROR io.dropwizard.cli.ServerCommand - Unable to start server, shutting down
java.lang.IllegalStateException: Couldn't load from existing folder: graph-cache but also cannot use file for DataReader as it wasn't specified!
	at com.graphhopper.GraphHopper.importOSM(GraphHopper.java:894)
	at com.graphhopper.GraphHopper.process(GraphHopper.java:812)
	at com.graphhopper.GraphHopper.importOrLoad(GraphHopper.java:763)
	at com.graphhopper.http.GraphHopperManaged.start(GraphHopperManaged.java:44)
	at io.dropwizard.lifecycle.JettyManaged.doStart(JettyManaged.java:27)
	at org.eclipse.jetty.util.component.AbstractLifeCycle.start(AbstractLifeCycle.java:73)
	at org.eclipse.jetty.util.component.ContainerLifeCycle.start(ContainerLifeCycle.java:169)
	at org.eclipse.jetty.server.Server.start(Server.java:423)
	at org.eclipse.jetty.util.component.ContainerLifeCycle.doStart(ContainerLifeCycle.java:117)
	at org.eclipse.jetty.server.handler.AbstractHandler.doStart(AbstractHandler.java:97)
	at org.eclipse.jetty.server.Server.doStart(Server.java:387)
	at org.eclipse.jetty.util.component.AbstractLifeCycle.start(AbstractLifeCycle.java:73)
	at io.dropwizard.cli.ServerCommand.run(ServerCommand.java:52)
	at io.dropwizard.cli.EnvironmentCommand.run(EnvironmentCommand.java:68)
	at io.dropwizard.cli.ConfiguredCommand.run(ConfiguredCommand.java:98)
	at io.dropwizard.cli.Cli.run(Cli.java:78)
	at io.dropwizard.Application.run(Application.java:94)
	at com.graphhopper.application.GraphHopperApplication.main(GraphHopperApplication.java:38)
