2025-05-14 16:20:37.917 [main] INFO  org.eclipse.jetty.util.log - Logging initialized @4129ms to org.eclipse.jetty.util.log.Slf4jLog
2025-05-14 16:20:38.126 [main] INFO  i.d.server.DefaultServerFactory - Registering jersey handler with root path prefix: /
2025-05-14 16:20:38.130 [main] INFO  i.d.server.DefaultServerFactory - Registering admin handler with root path prefix: /
2025-05-14 16:20:38.380 [main] INFO  io.dropwizard.assets.AssetsBundle - Registering AssetBundle with name: assets for path /maps/*
2025-05-14 16:20:38.382 [main] INFO  io.dropwizard.assets.AssetsBundle - Registering AssetBundle with name: webjars for path /webjars/*
2025-05-14 16:20:38.389 [main] INFO  io.dropwizard.server.ServerFactory - Starting GraphHopperApplication
                        _     _
   __ _ _ __ __ _ _ __ | |__ | |__   ___  _ __  _ __   ___ _ __
  / _` | '__/ _` | '_ \| '_ \| '_ \ / _ \| '_ \| '_ \ / _ \ '__|
 | (_| | | | (_| | |_) | | | | | | | (_) | |_) | |_) |  __/ |
  \__, |_|  \__,_| .__/|_| |_|_| |_|\___/| .__/| .__/ \___|_|
  |___/          |_|                     |_|   |_|
2025-05-14 16:20:38.541 [main] INFO  o.e.jetty.setuid.SetUIDListener - Opened application@45545e7a{HTTP/1.1, (http/1.1)}{localhost:8989}
2025-05-14 16:20:38.541 [main] INFO  o.e.jetty.setuid.SetUIDListener - Opened admin@9f674ac{HTTP/1.1, (http/1.1)}{localhost:8990}
2025-05-14 16:20:38.547 [main] INFO  org.eclipse.jetty.server.Server - jetty-9.4.53.v20231009; built: 2023-10-09T12:29:09.265Z; git: 27bde00a0b95a1d5bbee0eae7984f891d2d0f8c9; jvm 23.0.2
2025-05-14 16:21:29.264 [main] INFO  c.g.routing.ch.CHPreparationHandler - There are no CHs to prepare
2025-05-14 16:21:29.269 [main] INFO  com.graphhopper.GraphHopper - version 9.1|2024-05-05T15:51:26Z (9,22,6,5,2,9)
2025-05-14 16:21:30.979 [main] INFO  com.graphhopper.GraphHopper - graph car|RAM_STORE|2D|no_turn_cost|nodes:9,edges:22,geometry:6,location_index:5,string_index:2,nodesCH:0,shortcuts:9, details:edges: 306,940(12MB), nodes: 276,802(4MB), bounds: 13.069778,13.7624957,52.327972,52.6803845, name:(2MB), geo:355,704(2MB)
2025-05-14 16:21:35.266 [main] INFO  c.g.http.GraphHopperManaged - loaded graph at:../graphhopper/graph-cache, data_reader_file:../graphhopper/berlin-latest.osm.pbf, encoded values:["{\"className\":\"com.graphhopper.routing.ev.SimpleBooleanEncodedValue\",\"name\":\"car_access\",\"bits\":1,\"min_storable_value\":0,\"max_storable_value\":1,\"max_value\":1,\"negate_reverse_direction\":false,\"store_two_directions\":true,\"fwd_data_index\":0,\"bwd_data_index\":0,\"fwd_shift\":0,\"bwd_shift\":1,\"fwd_mask\":1,\"bwd_mask\":2}","{\"className\":\"com.graphhopper.routing.ev.DecimalEncodedValueImpl\",\"name\":\"car_average_speed\",\"bits\":7,\"min_storable_value\":0,\"max_storable_value\":127,\"max_value\":68,\"negate_reverse_direction\":false,\"store_two_directions\":true,\"fwd_data_index\":0,\"bwd_data_index\":0,\"fwd_shift\":2,\"bwd_shift\":9,\"fwd_mask\":508,\"bwd_mask\":65024,\"factor\":2.0,\"use_maximum_as_infinity\":false}","{\"className\":\"com.graphhopper.routing.ev.EnumEncodedValue\",\"name\":\"road_class\",\"bits\":5,\"min_storable_value\":0,\"max_storable_value\":31,\"max_value\":19,\"negate_reverse_direction\":false,\"store_two_directions\":false,\"fwd_data_index\":0,\"bwd_data_index\":0,\"fwd_shift\":16,\"bwd_shift\":-1,\"fwd_mask\":2031616,\"bwd_mask\":0,\"enum_type\":\"com.graphhopper.routing.ev.RoadClass\"}","{\"className\":\"com.graphhopper.routing.ev.EnumEncodedValue\",\"name\":\"road_environment\",\"bits\":3,\"min_storable_value\":0,\"max_storable_value\":7,\"max_value\":5,\"negate_reverse_direction\":false,\"store_two_directions\":false,\"fwd_data_index\":0,\"bwd_data_index\":0,\"fwd_shift\":21,\"bwd_shift\":-1,\"fwd_mask\":14680064,\"bwd_mask\":0,\"enum_type\":\"com.graphhopper.routing.ev.RoadEnvironment\"}","{\"className\":\"com.graphhopper.routing.ev.SimpleBooleanEncodedValue\",\"name\":\"roundabout\",\"bits\":1,\"min_storable_value\":0,\"max_storable_value\":1,\"max_value\":1,\"negate_reverse_direction\":false,\"store_two_directions\":false,\"fwd_data_index\":0,\"bwd_data_index\":0,\"fwd_shift\":24,\"bwd_shift\":-1,\"fwd_mask\":16777216,\"bwd_mask\":0}","{\"className\":\"com.graphhopper.routing.ev.SimpleBooleanEncodedValue\",\"name\":\"road_class_link\",\"bits\":1,\"min_storable_value\":0,\"max_storable_value\":1,\"max_value\":1,\"negate_reverse_direction\":false,\"store_two_directions\":false,\"fwd_data_index\":0,\"bwd_data_index\":0,\"fwd_shift\":25,\"bwd_shift\":-1,\"fwd_mask\":33554432,\"bwd_mask\":0}","{\"className\":\"com.graphhopper.routing.ev.DecimalEncodedValueImpl\",\"name\":\"max_speed\",\"bits\":7,\"min_storable_value\":0,\"max_storable_value\":127,\"max_value\":127,\"negate_reverse_direction\":false,\"store_two_directions\":true,\"fwd_data_index\":1,\"bwd_data_index\":1,\"fwd_shift\":0,\"bwd_shift\":7,\"fwd_mask\":127,\"bwd_mask\":16256,\"factor\":2.0,\"use_maximum_as_infinity\":true}","{\"className\":\"com.graphhopper.routing.ev.DecimalEncodedValueImpl\",\"name\":\"ferry_speed\",\"bits\":5,\"min_storable_value\":0,\"max_storable_value\":31,\"max_value\":5,\"negate_reverse_direction\":false,\"store_two_directions\":false,\"fwd_data_index\":1,\"bwd_data_index\":0,\"fwd_shift\":14,\"bwd_shift\":-1,\"fwd_mask\":507904,\"bwd_mask\":0,\"factor\":2.0,\"use_maximum_as_infinity\":false}","{\"className\":\"com.graphhopper.routing.ev.SimpleBooleanEncodedValue\",\"name\":\"car_subnetwork\",\"bits\":1,\"min_storable_value\":0,\"max_storable_value\":1,\"max_value\":1,\"negate_reverse_direction\":false,\"store_two_directions\":false,\"fwd_data_index\":1,\"bwd_data_index\":0,\"fwd_shift\":19,\"bwd_shift\":-1,\"fwd_mask\":524288,\"bwd_mask\":0}"], 2 ints for edge flags, edges: 306,940(12MB), nodes: 276,802(4MB), bounds: 13.069778,13.7624957,52.327972,52.6803845, name:(2MB), geo:355,704(2MB)
2025-05-14 16:24:50.754 [main] WARN  o.g.jersey.internal.inject.Providers - A provider com.codahale.metrics.health.HealthCheckRegistry registered in SERVER runtime does not implement any provider interfaces applicable in the SERVER runtime. Due to constraint configuration problems the provider com.codahale.metrics.health.HealthCheckRegistry will be ignored. 
2025-05-14 16:26:31.214 [main] INFO  i.d.jersey.DropwizardResourceConfig - The following paths were found for the configured resources:

    GET     / (com.graphhopper.application.resources.RootResource)
    GET     /health (com.graphhopper.resources.HealthCheckResource)
    GET     /i18n (com.graphhopper.resources.I18NResource)
    GET     /i18n/{locale} (com.graphhopper.resources.I18NResource)
    GET     /info (com.graphhopper.resources.InfoResource)
    GET     /isochrone (com.graphhopper.resources.IsochroneResource)
    POST    /match (com.graphhopper.resources.MapMatchingResource)
    GET     /mvt/{z}/{x}/{y}.mvt (com.graphhopper.resources.MVTResource)
    GET     /navigate/directions/v5/gh/{profile}/{coordinatesArray : .+} (com.graphhopper.navigation.NavigateResource)
    GET     /nearest (com.graphhopper.resources.NearestResource)
    GET     /route (com.graphhopper.resources.RouteResource)
    POST    /route (com.graphhopper.resources.RouteResource)
    GET     /spt (com.graphhopper.resources.SPTResource)

2025-05-14 16:26:31.220 [main] INFO  o.e.j.server.handler.ContextHandler - Started i.d.j.MutableServletContextHandler@56872fcb{/,null,AVAILABLE}
2025-05-14 16:26:31.250 [main] INFO  io.dropwizard.setup.AdminEnvironment - tasks = 

    POST    /tasks/log-level (io.dropwizard.servlets.tasks.LogConfigurationTask)
    POST    /tasks/gc (io.dropwizard.servlets.tasks.GarbageCollectionTask)

2025-05-14 16:26:31.251 [main] INFO  o.e.j.server.handler.ContextHandler - Started i.d.j.MutableServletContextHandler@5ae66c98{/,null,AVAILABLE}
2025-05-14 16:26:31.290 [main] INFO  o.e.jetty.server.AbstractConnector - Started application@45545e7a{HTTP/1.1, (http/1.1)}{localhost:8989}
2025-05-14 16:26:31.295 [main] INFO  o.e.jetty.server.AbstractConnector - Started admin@9f674ac{HTTP/1.1, (http/1.1)}{localhost:8990}
2025-05-14 16:26:31.295 [main] INFO  org.eclipse.jetty.server.Server - Started @357514ms
2025-05-14 16:29:46.165 [dw-8387 - POST /route?key=] INFO  c.g.resources.RouteResource - 127.0.0.1 it_IT Mozilla/5.0 (Macintosh; Intel Mac OS X 10_15_7) AppleWebKit/537.36 (KHTML, like Gecko) Chrome/136.0.0.0 Safari/537.36 2, took: 35796,2 ms, algo: , profile: car, custom_model: null, alternatives: 1, distance0: 10544.948239921701, weight0: 1878.193720748799, time0: 15min, points0: 151, debugInfo: idLookup:13.636957s; , algoInit:1127830 μs, dijkstrabi|ch-routing:1237 ms, path extraction: 30421 μs, visited nodes sum: 178
2025-05-14 16:29:46.247 [dw-5469 - POST /route?key=] INFO  c.g.resources.RouteResource - 127.0.0.1 it_IT Mozilla/5.0 (Macintosh; Intel Mac OS X 10_15_7) AppleWebKit/537.36 (KHTML, like Gecko) Chrome/136.0.0.0 Safari/537.36 2, took: 39188,4 ms, algo: alternative_route, profile: car, custom_model: null, alternatives: 3, distance0: 10544.948239921701, weight0: 1878.193720748799, time0: 15min, points0: 151, debugInfo: idLookup:11.144046s; ; ; 
2025-05-14 16:29:56.243 [dw-8597 - POST /route?key=] INFO  c.g.resources.RouteResource - 127.0.0.1 it_IT Mozilla/5.0 (Macintosh; Intel Mac OS X 10_15_7) AppleWebKit/537.36 (KHTML, like Gecko) Chrome/136.0.0.0 Safari/537.36 3, took: 2392,8 ms, algo: , profile: car, custom_model: null, alternatives: 1, distance0: 12285.919935290658, weight0: 2164.9905024726827, time0: 18min, points0: 201, debugInfo: idLookup:1.1387382s; , algoInit:33 μs, dijkstrabi|ch-routing:1 ms, path extraction: 200 μs, visited nodes sum: 124, algoInit:22 μs, dijkstrabi|ch-routing:1 ms, path extraction: 157 μs, visited nodes sum: 248
2025-05-14 16:58:29.227 [main] INFO  org.eclipse.jetty.util.log - Logging initialized @1423ms to org.eclipse.jetty.util.log.Slf4jLog
2025-05-14 16:58:29.291 [main] INFO  i.d.server.DefaultServerFactory - Registering jersey handler with root path prefix: /
2025-05-14 16:58:29.292 [main] INFO  i.d.server.DefaultServerFactory - Registering admin handler with root path prefix: /
2025-05-14 16:58:29.424 [main] INFO  io.dropwizard.assets.AssetsBundle - Registering AssetBundle with name: assets for path /maps/*
2025-05-14 16:58:29.425 [main] INFO  io.dropwizard.assets.AssetsBundle - Registering AssetBundle with name: webjars for path /webjars/*
2025-05-14 16:58:29.429 [main] INFO  io.dropwizard.server.ServerFactory - Starting GraphHopperApplication
                        _     _
   __ _ _ __ __ _ _ __ | |__ | |__   ___  _ __  _ __   ___ _ __
  / _` | '__/ _` | '_ \| '_ \| '_ \ / _ \| '_ \| '_ \ / _ \ '__|
 | (_| | | | (_| | |_) | | | | | | | (_) | |_) | |_) |  __/ |
  \__, |_|  \__,_| .__/|_| |_|_| |_|\___/| .__/| .__/ \___|_|
  |___/          |_|                     |_|   |_|
2025-05-14 16:58:29.498 [main] INFO  o.e.jetty.setuid.SetUIDListener - Opened application@4fc142ec{HTTP/1.1, (http/1.1)}{localhost:8989}
2025-05-14 16:58:29.498 [main] INFO  o.e.jetty.setuid.SetUIDListener - Opened admin@34b27915{HTTP/1.1, (http/1.1)}{localhost:8990}
2025-05-14 16:58:29.500 [main] INFO  org.eclipse.jetty.server.Server - jetty-9.4.53.v20231009; built: 2023-10-09T12:29:09.265Z; git: 27bde00a0b95a1d5bbee0eae7984f891d2d0f8c9; jvm 23.0.2
2025-05-14 16:58:29.740 [main] INFO  c.g.routing.ch.CHPreparationHandler - There are no CHs to prepare
2025-05-14 16:58:29.743 [main] INFO  com.graphhopper.GraphHopper - version 9.1|2024-05-05T15:51:26Z (9,22,6,5,2,9)
2025-05-14 16:58:29.757 [main] INFO  com.graphhopper.GraphHopper - graph car|RAM_STORE|2D|no_turn_cost|nodes:9,edges:22,geometry:6,location_index:5,string_index:2,nodesCH:0,shortcuts:9, details:edges: 306,940(12MB), nodes: 276,802(4MB), bounds: 13.069778,13.7624957,52.327972,52.6803845, name:(2MB), geo:355,704(2MB)
2025-05-14 16:58:29.773 [main] INFO  c.g.http.GraphHopperManaged - loaded graph at:../graphhopper/graph-cache, data_reader_file:../graphhopper/berlin-latest.osm.pbf, encoded values:["{\"className\":\"com.graphhopper.routing.ev.SimpleBooleanEncodedValue\",\"name\":\"car_access\",\"bits\":1,\"min_storable_value\":0,\"max_storable_value\":1,\"max_value\":1,\"negate_reverse_direction\":false,\"store_two_directions\":true,\"fwd_data_index\":0,\"bwd_data_index\":0,\"fwd_shift\":0,\"bwd_shift\":1,\"fwd_mask\":1,\"bwd_mask\":2}","{\"className\":\"com.graphhopper.routing.ev.DecimalEncodedValueImpl\",\"name\":\"car_average_speed\",\"bits\":7,\"min_storable_value\":0,\"max_storable_value\":127,\"max_value\":68,\"negate_reverse_direction\":false,\"store_two_directions\":true,\"fwd_data_index\":0,\"bwd_data_index\":0,\"fwd_shift\":2,\"bwd_shift\":9,\"fwd_mask\":508,\"bwd_mask\":65024,\"factor\":2.0,\"use_maximum_as_infinity\":false}","{\"className\":\"com.graphhopper.routing.ev.EnumEncodedValue\",\"name\":\"road_class\",\"bits\":5,\"min_storable_value\":0,\"max_storable_value\":31,\"max_value\":19,\"negate_reverse_direction\":false,\"store_two_directions\":false,\"fwd_data_index\":0,\"bwd_data_index\":0,\"fwd_shift\":16,\"bwd_shift\":-1,\"fwd_mask\":2031616,\"bwd_mask\":0,\"enum_type\":\"com.graphhopper.routing.ev.RoadClass\"}","{\"className\":\"com.graphhopper.routing.ev.EnumEncodedValue\",\"name\":\"road_environment\",\"bits\":3,\"min_storable_value\":0,\"max_storable_value\":7,\"max_value\":5,\"negate_reverse_direction\":false,\"store_two_directions\":false,\"fwd_data_index\":0,\"bwd_data_index\":0,\"fwd_shift\":21,\"bwd_shift\":-1,\"fwd_mask\":14680064,\"bwd_mask\":0,\"enum_type\":\"com.graphhopper.routing.ev.RoadEnvironment\"}","{\"className\":\"com.graphhopper.routing.ev.SimpleBooleanEncodedValue\",\"name\":\"roundabout\",\"bits\":1,\"min_storable_value\":0,\"max_storable_value\":1,\"max_value\":1,\"negate_reverse_direction\":false,\"store_two_directions\":false,\"fwd_data_index\":0,\"bwd_data_index\":0,\"fwd_shift\":24,\"bwd_shift\":-1,\"fwd_mask\":16777216,\"bwd_mask\":0}","{\"className\":\"com.graphhopper.routing.ev.SimpleBooleanEncodedValue\",\"name\":\"road_class_link\",\"bits\":1,\"min_storable_value\":0,\"max_storable_value\":1,\"max_value\":1,\"negate_reverse_direction\":false,\"store_two_directions\":false,\"fwd_data_index\":0,\"bwd_data_index\":0,\"fwd_shift\":25,\"bwd_shift\":-1,\"fwd_mask\":33554432,\"bwd_mask\":0}","{\"className\":\"com.graphhopper.routing.ev.DecimalEncodedValueImpl\",\"name\":\"max_speed\",\"bits\":7,\"min_storable_value\":0,\"max_storable_value\":127,\"max_value\":127,\"negate_reverse_direction\":false,\"store_two_directions\":true,\"fwd_data_index\":1,\"bwd_data_index\":1,\"fwd_shift\":0,\"bwd_shift\":7,\"fwd_mask\":127,\"bwd_mask\":16256,\"factor\":2.0,\"use_maximum_as_infinity\":true}","{\"className\":\"com.graphhopper.routing.ev.DecimalEncodedValueImpl\",\"name\":\"ferry_speed\",\"bits\":5,\"min_storable_value\":0,\"max_storable_value\":31,\"max_value\":5,\"negate_reverse_direction\":false,\"store_two_directions\":false,\"fwd_data_index\":1,\"bwd_data_index\":0,\"fwd_shift\":14,\"bwd_shift\":-1,\"fwd_mask\":507904,\"bwd_mask\":0,\"factor\":2.0,\"use_maximum_as_infinity\":false}","{\"className\":\"com.graphhopper.routing.ev.SimpleBooleanEncodedValue\",\"name\":\"car_subnetwork\",\"bits\":1,\"min_storable_value\":0,\"max_storable_value\":1,\"max_value\":1,\"negate_reverse_direction\":false,\"store_two_directions\":false,\"fwd_data_index\":1,\"bwd_data_index\":0,\"fwd_shift\":19,\"bwd_shift\":-1,\"fwd_mask\":524288,\"bwd_mask\":0}"], 2 ints for edge flags, edges: 306,940(12MB), nodes: 276,802(4MB), bounds: 13.069778,13.7624957,52.327972,52.6803845, name:(2MB), geo:355,704(2MB)
2025-05-14 16:58:30.055 [main] WARN  o.g.jersey.internal.inject.Providers - A provider com.codahale.metrics.health.HealthCheckRegistry registered in SERVER runtime does not implement any provider interfaces applicable in the SERVER runtime. Due to constraint configuration problems the provider com.codahale.metrics.health.HealthCheckRegistry will be ignored. 
2025-05-14 16:58:30.182 [main] INFO  i.d.jersey.DropwizardResourceConfig - The following paths were found for the configured resources:

    GET     / (com.graphhopper.application.resources.RootResource)
    GET     /health (com.graphhopper.resources.HealthCheckResource)
    GET     /i18n (com.graphhopper.resources.I18NResource)
    GET     /i18n/{locale} (com.graphhopper.resources.I18NResource)
    GET     /info (com.graphhopper.resources.InfoResource)
    GET     /isochrone (com.graphhopper.resources.IsochroneResource)
    POST    /match (com.graphhopper.resources.MapMatchingResource)
    GET     /mvt/{z}/{x}/{y}.mvt (com.graphhopper.resources.MVTResource)
    GET     /navigate/directions/v5/gh/{profile}/{coordinatesArray : .+} (com.graphhopper.navigation.NavigateResource)
    GET     /nearest (com.graphhopper.resources.NearestResource)
    GET     /route (com.graphhopper.resources.RouteResource)
    POST    /route (com.graphhopper.resources.RouteResource)
    GET     /spt (com.graphhopper.resources.SPTResource)

2025-05-14 16:58:30.183 [main] INFO  o.e.j.server.handler.ContextHandler - Started i.d.j.MutableServletContextHandler@1ee5632d{/,null,AVAILABLE}
2025-05-14 16:58:30.187 [main] INFO  io.dropwizard.setup.AdminEnvironment - tasks = 

    POST    /tasks/log-level (io.dropwizard.servlets.tasks.LogConfigurationTask)
    POST    /tasks/gc (io.dropwizard.servlets.tasks.GarbageCollectionTask)

2025-05-14 16:58:30.187 [main] INFO  o.e.j.server.handler.ContextHandler - Started i.d.j.MutableServletContextHandler@261f359f{/,null,AVAILABLE}
2025-05-14 16:58:30.196 [main] INFO  o.e.jetty.server.AbstractConnector - Started application@4fc142ec{HTTP/1.1, (http/1.1)}{localhost:8989}
2025-05-14 16:58:30.198 [main] INFO  o.e.jetty.server.AbstractConnector - Started admin@34b27915{HTTP/1.1, (http/1.1)}{localhost:8990}
2025-05-14 16:58:30.198 [main] INFO  org.eclipse.jetty.server.Server - Started @2394ms
2025-05-14 16:58:42.403 [dw-49 - POST /route?key=] INFO  c.g.resources.RouteResource - 127.0.0.1 it_IT Mozilla/5.0 (Macintosh; Intel Mac OS X 10_15_7) AppleWebKit/537.36 (KHTML, like Gecko) Chrome/136.0.0.0 Safari/537.36 2, took: 80,3 ms, algo: alternative_route, profile: car, custom_model: null, alternatives: 1, distance0: 11542.500668847484, weight0: 2015.8441425191754, time0: 16min, points0: 166, debugInfo: idLookup:0.02312356s; 
2025-05-14 16:58:42.403 [dw-68 - POST /route?key=] INFO  c.g.resources.RouteResource - 127.0.0.1 it_IT Mozilla/5.0 (Macintosh; Intel Mac OS X 10_15_7) AppleWebKit/537.36 (KHTML, like Gecko) Chrome/136.0.0.0 Safari/537.36 2, took: 80,2 ms, algo: , profile: car, custom_model: null, alternatives: 1, distance0: 11542.500668847484, weight0: 2015.8441425191754, time0: 16min, points0: 166, debugInfo: idLookup:0.0229641s; , algoInit:3090 μs, dijkstrabi|ch-routing:12 ms, path extraction: 2938 μs, visited nodes sum: 168
2025-05-14 16:58:44.245 [dw-48 - POST /route?key=] INFO  c.g.resources.RouteResource - 127.0.0.1 it_IT Mozilla/5.0 (Macintosh; Intel Mac OS X 10_15_7) AppleWebKit/537.36 (KHTML, like Gecko) Chrome/136.0.0.0 Safari/537.36 3, took: 27,0 ms, algo: , profile: car, custom_model: null, alternatives: 1, distance0: 13537.122668847482, weight0: 2405.7141825191757, time0: 20min, points0: 187, debugInfo: idLookup:0.012809301s; , algoInit:71 μs, dijkstrabi|ch-routing:4 ms, path extraction: 665 μs, visited nodes sum: 134, algoInit:283 μs, dijkstrabi|ch-routing:1 ms, path extraction: 320 μs, visited nodes sum: 272
2025-05-14 16:58:48.685 [JettyShutdownThread] INFO  o.e.jetty.server.AbstractConnector - Stopped application@4fc142ec{HTTP/1.1, (http/1.1)}{localhost:8989}
2025-05-14 16:58:48.686 [JettyShutdownThread] INFO  o.e.jetty.server.AbstractConnector - Stopped admin@34b27915{HTTP/1.1, (http/1.1)}{localhost:8990}
2025-05-14 16:58:48.687 [JettyShutdownThread] INFO  o.e.j.server.handler.ContextHandler - Stopped i.d.j.MutableServletContextHandler@261f359f{/,null,STOPPED}
2025-05-14 16:58:48.694 [JettyShutdownThread] INFO  o.e.j.server.handler.ContextHandler - Stopped i.d.j.MutableServletContextHandler@1ee5632d{/,null,STOPPED}
